<html>
<body>
<pre>
<h1>µVision Build Log</h1>
<h2>Tool Versions:</h2>
IDE-Version: µVision V5.28.0.0
Copyright (C) 2019 ARM Ltd and ARM Germany GmbH. All rights reserved.
License Information: Erik Robstad, Nordic Semiconductor, LIC=BL29V-8JQ81-C68U2-71V8K-EABNI-K6D54
 
Tool Versions:
Toolchain:       MDK-ARM Professional  Version: 5.28.0.0
Toolchain Path:  C:\Keil_v5\ARM\ARMCC\Bin
C Compiler:      Armcc.exe V5.06 update 6 (build 750)
Assembler:       Armasm.exe V5.06 update 6 (build 750)
Linker/Locator:  ArmLink.exe V5.06 update 6 (build 750)
Library Manager: ArmAr.exe V5.06 update 6 (build 750)
Hex Converter:   FromElf.exe V5.06 update 6 (build 750)
CPU DLL:         
Dialog DLL:      
Target DLL:      Segger\JL2CM3.dll V2.99.36.0
Dialog DLL:      TCM.DLL V1.36.2.0
 
<h2>Project:</h2>
C:\Git\testing_clean_nordic_sdk\nRF5_SDK_14.2.0_17b948a\nRF5_SDK_14.2.0_17b948a\examples\ble_peripheral\ble_app_uart\pca10056\s140\arm5_no_packs\ble_app_uart_pca10056_s140.uvprojx
Project File Date:  06/06/2019

<h2>Output:</h2>
*** Using Compiler 'V5.06 update 6 (build 750)', folder: 'C:\Keil_v5\ARM\ARMCC\Bin'
Build target 'nrf52840_xxaa'
compiling boards.c...
compiling bsp_nfc.c...
compiling bsp.c...
compiling bsp_btn_ble.c...
compiling ble_advdata.c...
compiling ble_advertising.c...
compiling main.c...
compiling ble_srv_common.c...
compiling ble_conn_state.c...
compiling nrf_ble_gatt.c...
compiling nrf_drv_clock.c...
compiling ble_nus.c...
compiling ble_conn_params.c...
compiling nrf_drv_common.c...
compiling app_error.c...
compiling app_fifo.c...
compiling app_button.c...
compiling app_scheduler.c...
compiling app_error_weak.c...
compiling nrf_drv_gpiote.c...
compiling nrf_drv_uart.c...
compiling nrf_assert.c...
compiling app_util_platform.c...
compiling hardfault_implementation.c...
compiling app_timer.c...
compiling nrf_fstorage.c...
compiling nrf_atfifo.c...
compiling app_uart_fifo.c...
compiling nrf_balloc.c...
compiling nrf_strerror.c...
compiling nrf_fprintf.c...
compiling nrf_fprintf_format.c...
compiling nrf_section_iter.c...
compiling nrf_memobj.c...
compiling nrf_fstorage_sd.c...
compiling nrf_pwr_mgmt.c...
compiling sdk_mapped_flags.c...
compiling retarget.c...
compiling nrf_log_default_backends.c...
compiling SEGGER_RTT_Syscalls_KEIL.c...
compiling nrf_log_backend_rtt.c...
compiling nrf_log_backend_serial.c...
compiling nrf_log_str_formatter.c...
assembling arm_startup_nrf52840.s...
compiling nrf_log_frontend.c...
compiling SEGGER_RTT.c...
compiling system_nrf52840.c...
compiling SEGGER_RTT_printf.c...
compiling nrf_sdh_soc.c...
compiling nrf_sdh_ble.c...
compiling nrf_sdh.c...
linking...
Program Size: Code=22012 RO-data=3288 RW-data=324 ZI-data=12220  
FromELF: creating hex file...
".\_build\nrf52840_xxaa.axf" - 0 Error(s), 0 Warning(s).

<h2>Software Packages used:</h2>

Package Vendor: ARM
                http://www.keil.com/pack/ARM.CMSIS.4.5.0.pack
                ARM.CMSIS.4.5.0
                CMSIS (Cortex Microcontroller Software Interface Standard)
   * Component: CORE Version: 4.3.0

Package Vendor: NordicSemiconductor
                http://developer.nordicsemi.com/nRF5_SDK/pieces/nRF_DeviceFamilyPack/NordicSemiconductor.nRF_DeviceFamilyPack.8.15.0.pack
                NordicSemiconductor.nRF_DeviceFamilyPack.8.15.0
                Nordic Semiconductor nRF ARM devices Device Family Pack.
   * Component: Startup Version: 8.15.0

<h2>Collection of Component include folders:</h2>
  .\RTE\_nrf52840_xxaa
  C:\Users\erro\AppData\Local\Arm\Packs\ARM\CMSIS\4.5.0\CMSIS\Include
  C:\Users\erro\AppData\Local\Arm\Packs\NordicSemiconductor\nRF_DeviceFamilyPack\8.15.0\Device\Include

<h2>Collection of Component Files used:</h2>

   * Component: ARM::CMSIS:CORE:4.3.0

   * Component: NordicSemiconductor::Device:Startup:8.15.0
      Source file:   Device\Source\system_nrf52840.c
      Include file:  Device\Include\system_nrf52840.h
      Source file:   Device\Source\arm\arm_startup_nrf52840.s
Build Time Elapsed:  00:00:17
</pre>
</body>
</html>
